// Jest Snapshot v1, https://goo.gl/fbAQLP

exports[`renders correctly 1`] = `
<div
  className="css-17bxciu"
>
  <div
    className="css-1neuiyt"
  >
    SidebarGridItem
  </div>
  <div
    className="css-iga3wz"
  >
    ContentGridItem
  </div>
</div>
`;
